
> picture@1.0.0 build
> node -e "var fs=require('fs'); try{fs.rmSync('.astro',{recursive:true,force:true})}catch(e){}" && astro build

[2m09:19:53[22m [34m[content][39m Syncing content
[2m09:19:54[22m [34m[content][39m Synced content
[2m09:19:54[22m [34m[types][39m Generated [2m1.88s[22m
[2m09:19:54[22m [34m[build][39m output: [34m"static"[39m
[2m09:19:54[22m [34m[build][39m mode: [34m"static"[39m
[2m09:19:54[22m [34m[build][39m directory: [34mC:\Hank\Other\project\picture\dist\[39m
[2m09:19:54[22m [34m[build][39m Collecting build info...
[2m09:19:54[22m [34m[build][39m [32m??Completed in 1.97s.[39m
[2m09:19:54[22m [34m[build][39m Building static entrypoints...
09:19:58 [ERROR] [vite] ??[39m Build failed in 3.86s
Expected ";" but found ":"
  Location:
    C:/Hank/Other/project/picture/src/layouts/Layout.astro:11:38
  Stack trace:
    at failureErrorWithLog (C:\Hank\Other\project\picture\node_modules\esbuild\lib\main.js:1467:15)
    at responseCallbacks.<computed> (C:\Hank\Other\project\picture\node_modules\esbuild\lib\main.js:603:9)
    at Socket.readFromStdout (C:\Hank\Other\project\picture\node_modules\esbuild\lib\main.js:581:7)
    at addChunk (node:internal/streams/readable:559:12)
    at Readable.push (node:internal/streams/readable:390:5)
