
=======================================================
?? Pixnet Blog Sync Server (Full Content Edition)
=======================================================
? 隡箸??? http://localhost:3456
?? ???桅?: C:\Hank\Other\project\picture\src\content\posts

?舐 API:
  GET  /api/health   - ?亙熒瑼Ｘ
  GET  /api/status   - ?郊???  POST /api/article  - ???啣???
  POST /api/sync     - ??閫貊?郊

=======================================================
[2026/1/28 銝?2:42:01] ?? ??撌脰身摰? 瘥予 21:00 ?芸??郊
[2026/1/28 銝?2:42:01] ?? ???郊: 瘥?60 ??
[2026/1/28 銝?2:42:01] ?? ???銵?甇?..
[2026/1/28 銝?2:42:01] ?? ???郊 Pixnet ??...
[2026/1/28 銝?2:42:01] ?? ?曉 10 蝭?蝡?[2026/1/28 銝?2:42:01] ?? ?唳?蝡? 10 蝭?[2026/1/28 銝?2:42:01] ?? ??: ??賢恥?拚撠惇??憌???/閬芸?/?拳嚗?雿?撽??蝝?靽∴?
??敺?JSON-LD ?????批捆 (?瑕漲: 6288)
[2026/1/28 銝?2:42:01] ??撌脣遣蝡? 12226426366.md
[2026/1/28 銝?2:42:03] ?? ??: WishlistAI 閰葫嚗 AI 撽???扯迂憿??桃恣?像????敺?JSON-LD ?????批捆 (?瑕漲: 23199)
[2026/1/28 銝?2:42:03] ??撌脣遣蝡? 855315645961059971.md
[2026/1/28 銝?2:42:04] ?? ??: ?券 $990 ?絲!頞犖瘞??????adidas??New Balance?UMA...蝑?20憭???朣?嚗狡撘??嚗停?券???????瘣餃?嚗???敺?????敺?JSON-LD ?????批捆 (?瑕漲: 45935)
[TOC DEBUG] Processing header 1: "?交?憭拙 OUTLET嚚暑???? (Tag: strong)
[TOC DEBUG]   Adding anchor #toc-1 to "?交?憭拙 OUTLET嚚暑????
[TOC DEBUG] Processing header 2: "?冽?????????" (Tag: strong)
[TOC DEBUG]   Adding anchor #toc-2 to "?冽?????????"
[TOC DEBUG] Processing header 3: "?交?憭拙 OUTLET嚚???蝎暸?芣???" (Tag: strong)
[TOC DEBUG]   Adding anchor #toc-3 to "?交?憭拙 OUTLET嚚???蝎暸?芣???"
[TOC DEBUG] Processing header 4: "蝐喟?脤?????銵???$2,290嚗??,145?瑟狡Jacket嚗???4,690嚗??,345" (Tag: strong)
[TOC DEBUG]   Adding anchor #toc-4 to "蝐喟?脤?????銵???$2,290嚗??,145?瑟狡Jacket嚗???4,690嚗??,345"
[TOC DEBUG] Processing header 5: "蝐??? (Tag: strong)
[TOC DEBUG]   Adding anchor #toc-5 to "蝐???
[TOC DEBUG] Processing header 6: "?$2,490嚗?孵閬?,245 嚗?交?5?? (Tag: strong)
[TOC DEBUG]   Adding anchor #toc-6 to "?$2,490嚗?孵閬?,245 嚗?交?5??
[TOC DEBUG] Processing header 7: "?瑁?銵﹝" (Tag: strong)
[TOC DEBUG]   Adding anchor #toc-7 to "?瑁?銵﹝"
[TOC DEBUG] Processing header 8: "?$2,290嚗??,145" (Tag: strong)
[TOC DEBUG]   Adding anchor #toc-8 to "?$2,290嚗??,145"
[TOC DEBUG] Processing header 9: "FIREBIRD TP IZ2753???瑁仆" (Tag: strong)
[TOC DEBUG]   Adding anchor #toc-9 to "FIREBIRD TP IZ2753???瑁仆"
[TOC DEBUG] Processing header 10: "?$2,490嚗??,245" (Tag: strong)
[TOC DEBUG]   Adding anchor #toc-10 to "?$2,490嚗??,245"
[TOC DEBUG] Processing header 11: "?桅???? (Tag: strong)
[TOC DEBUG]   Adding anchor #toc-11 to "?桅????
[TOC DEBUG] Processing header 12: "?$2,490嚗??,245" (Tag: strong)
[TOC DEBUG]   Adding anchor #toc-12 to "?$2,490嚗??,245"
[TOC DEBUG] Processing header 13: "蝐喟?脩??脣之摮禁?$2,290嚗?孵閬?,290嚗?.6??" (Tag: strong)
[TOC DEBUG]   Adding anchor #toc-13 to "蝐喟?脩??脣之摮禁?$2,290嚗?孵閬?,290嚗?.6??"
[TOC DEBUG] Processing header 14: "PESSFZ 瘥筐靽???憭??湔5?策雿??$4,290嚗??,145" (Tag: strong)
[TOC DEBUG]   Adding anchor #toc-14 to "PESSFZ 瘥筐靽???憭??湔5?策雿??$4,290嚗??,145"
[TOC DEBUG] Processing header 15: "蝎?????$2,490嚗??,245" (Tag: strong)
[TOC DEBUG]   Adding anchor #toc-15 to "蝎?????$2,490嚗??,245"
[TOC DEBUG] Processing header 16: "嚗?韏瑚??芾?5?停?賢?? (Tag: strong)
[TOC DEBUG]   Adding anchor #toc-16 to "嚗?韏瑚??芾?5?停?賢??
[TOC DEBUG] Processing header 17: "?質???? (Tag: strong)
[TOC DEBUG]   Adding anchor #toc-17 to "?質????
[TOC DEBUG] Processing header 18: "?$2,290嚗??,374嚗?6??銝$1400" (Tag: strong)
[TOC DEBUG]   Adding anchor #toc-18 to "?$2,290嚗??,374嚗?6??銝$1400"
[TOC DEBUG] Processing header 19: "?臬?脣噸閮?" (Tag: strong)
[TOC DEBUG]   Adding anchor #toc-19 to "?臬?脣噸閮?"
[TOC DEBUG] Processing header 20: "?$3,890嚗??,945嚗???靘???2,000" (Tag: strong)
[TOC DEBUG]   Adding anchor #toc-20 to "?$3,890嚗??,945嚗???靘???2,000"
[TOC DEBUG] Processing header 21: "銝﹝?箏?祆狡 ESS Elevated ???瑁?嚗???$1,680嚗瑼??$1,176" (Tag: strong)
[TOC DEBUG]   Adding anchor #toc-21 to "銝﹝?箏?祆狡 ESS Elevated ???瑁?嚗???$1,680嚗瑼??$1,176"
[TOC DEBUG] Processing header 22: "閮毀蝟餃? TAD 憭扯歲鞊寥?蜇憸刻﹝憭?嚗???$2,280嚗暑?????$1,596" (Tag: strong)
[TOC DEBUG]   Adding anchor #toc-22 to "閮毀蝟餃? TAD 憭扯歲鞊寥?蜇憸刻﹝憭?嚗???$2,280嚗暑?????$1,596"
[TOC DEBUG] Processing header 23: "Softride Carson Fresh ?Ｚ?????? $2,380嚗瘣餃????? $990 ?喳鞈澆嚗?嗆4.2 ?? (Tag: strong)
[TOC DEBUG]   Adding anchor #toc-23 to "Softride Carson Fresh ?Ｚ?????? $2,380嚗瘣餃????? $990 ?喳鞈澆嚗?嗆4.2 ??
[TOC DEBUG] Processing header 24: "PRM ESS蝐喟??銵恬??$1,980嚗??1,386" (Tag: strong)
[TOC DEBUG]   Adding anchor #toc-24 to "PRM ESS蝐喟??銵恬??$1,980嚗??1,386"
[TOC DEBUG] Processing header 25: "PUMA ???剛仆嚗祝擛?????嚗???1,480嚗?函?孵閬?690" (Tag: strong)
[TOC DEBUG]   Adding anchor #toc-25 to "PUMA ???剛仆嚗祝擛?????嚗???1,480嚗?函?孵閬?690"
[TOC DEBUG] Processing header 26: "嚗???.7?停?質眺?? (Tag: strong)
[TOC DEBUG]   Adding anchor #toc-26 to "嚗???.7?停?質眺??
[TOC DEBUG] Processing header 27: "Hidden Gem蝝怨憸刻﹝憭?" (Tag: strong)
[TOC DEBUG]   Adding anchor #toc-27 to "Hidden Gem蝝怨憸刻﹝憭?"
[TOC DEBUG] Processing header 28: "憿憟賜???哨?" (Tag: strong)
[TOC DEBUG]   Adding anchor #toc-28 to "憿憟賜???哨?"
[TOC DEBUG] Processing header 29: "?$2,680嚗??1,290嚗?交?4.8???臬???" (Tag: strong)
[TOC DEBUG]   Adding anchor #toc-29 to "?$2,680嚗??1,290嚗?交?4.8???臬???"
[TOC DEBUG] Processing header 30: "Darter Pro?Ｚ??????$2,680嚗??1,090嚗??潔??閬?.1?? (Tag: strong)
[TOC DEBUG]   Adding anchor #toc-30 to "Darter Pro?Ｚ??????$2,680嚗??1,090嚗??潔??閬?.1??
[TOC DEBUG] Processing header 31: "?箸甈?ESS Elevated ???瑁?嚗憟喲?賜忽嚗???$1,680嚗??$1,176嚗閬???哨?皛踹?蝞?!" (Tag: strong)
[TOC DEBUG]   Adding anchor #toc-31 to "?箸甈?ESS Elevated ???瑁?嚗憟喲?賜忽嚗???$1,680嚗??$1,176嚗閬???哨?皛踹?蝞?!"
[TOC DEBUG] Processing header 32: "Hidden Gem?剛?镼航‵" (Tag: strong)
[TOC DEBUG]   Adding anchor #toc-32 to "Hidden Gem?剛?镼航‵"
[TOC DEBUG] Processing header 34: "??2,280嚗暑??孵閬?990嚗?銝??芾?4.3?歇" (Tag: strong)
[TOC DEBUG]   Adding anchor #toc-34 to "??2,280嚗暑??孵閬?990嚗?銝??芾?4.3?歇"
[TOC DEBUG] Processing header 35: "PUMA?剛?T?歹??$880嚗??616" (Tag: strong)
[TOC DEBUG]   Adding anchor #toc-35 to "PUMA?剛?T?歹??$880嚗??616"
[TOC DEBUG] Processing header 36: "PUMA 憟單狡蝎?剛?T?支?憭芯噶摰?嚗???980嚗?函??390嚗??潛?交?4?? (Tag: strong)
[TOC DEBUG]   Adding anchor #toc-36 to "PUMA 憟單狡蝎?剛?T?支?憭芯噶摰?嚗???980嚗?函??390嚗??潛?交?4??
[TOC DEBUG] Processing header 37: "Softride Carson Fresh?Ｚ??????$2,380嚗??990嚗?.2??Softride Carson 憟單狡?????$2,380嚗??990嚗?.2??" (Tag: strong)
[TOC DEBUG]   Adding anchor #toc-37 to "Softride Carson Fresh?Ｚ??????$2,380嚗??990嚗?.2??Softride Carson 憟單狡?????$2,380嚗??990嚗?.2??"
[TOC DEBUG] Processing header 38: "R78 Glance憟喲?嚗??脣末???嚗???2,480嚗暑??孵閬?990嚗?銝??芾?4??臬?? (Tag: strong)
[TOC DEBUG]   Adding anchor #toc-38 to "R78 Glance憟喲?嚗??脣末???嚗???2,480嚗暑??孵閬?990嚗?銝??芾?4??臬??
[TOC DEBUG] Processing header 39: "蝐唾敺拙?? (Tag: strong)
[TOC DEBUG]   Adding anchor #toc-39 to "蝐唾敺拙??
[TOC DEBUG] Processing header 40: "?$4,880嚗??1,990嚗?4.1??靘??澆??交?" (Tag: strong)
[TOC DEBUG]   Adding anchor #toc-40 to "?$4,880嚗??1,990嚗?4.1??靘??澆??交?"
[TOC DEBUG] Processing header 41: "?瑟狡皝偌蝬儔?日?銋???嚗???4,880嚗?孵閬?1,990嚗?璅??4.1?? (Tag: strong)
[TOC DEBUG]   Adding anchor #toc-41 to "?瑟狡皝偌蝬儔?日?銋???嚗???4,880嚗?孵閬?1,990嚗?璅??4.1??
[TOC DEBUG] Processing header 42: "?質敺拙?? (Tag: strong)
[TOC DEBUG]   Adding anchor #toc-42 to "?質敺拙??
[TOC DEBUG] Processing header 43: "敺拙????2,880嚗暑???.4???孵?芾?$990" (Tag: strong)
[TOC DEBUG]   Adding anchor #toc-43 to "敺拙????2,880嚗暑???.4???孵?芾?$990"
[TOC DEBUG] Processing header 44: "????桅???銋???嚚? (Tag: strong)
[TOC DEBUG]   Adding anchor #toc-44 to "????桅???銋???嚚?
[TOC DEBUG] Processing header 45: "銝剔咱璈?蝬蝬 暻?????$1,780嚗?孵閬?1,246銝剔咱?∪?脩???暻?????$1,880嚗?孵閬?1,316" (Tag: strong)
[TOC DEBUG]   Adding anchor #toc-45 to "銝剔咱璈?蝬蝬 暻?????$1,780嚗?孵閬?1,246銝剔咱?∪?脩???暻?????$1,880嚗?孵閬?1,316"
[TOC DEBUG] Processing header 46: "暺蝡??瑟?銝﹝嚗犖閬箏?CP?潸?擃??$2,580嚗?函?孵閬?903嚗??潭?3.5?? (Tag: strong)
[TOC DEBUG]   Adding anchor #toc-46 to "暺蝡??瑟?銝﹝嚗犖閬箏?CP?潸?擃??$2,580嚗?函?孵閬?903嚗??潭?3.5??
[TOC DEBUG] Processing header 47: "?啗憭批飛T?$1,880嚗?函?孵閬?1,316" (Tag: strong)
[TOC DEBUG]   Adding anchor #toc-47 to "?啗憭批飛T?$1,880嚗?函?孵閬?1,316"
[TOC DEBUG] Processing header 48: "Performance Fleece Oversized ??蜇銝﹝嚗???2,280嚗暑??孵閬?1,596" (Tag: strong)
[TOC DEBUG]   Adding anchor #toc-48 to "Performance Fleece Oversized ??蜇銝﹝嚗???2,280嚗暑??孵閬?1,596"
[TOC DEBUG] Processing header 49: "暺?瑁?銝﹝嚗???2,380嚗??1,666嚗?璅???舀??芣?" (Tag: strong)
[TOC DEBUG]   Adding anchor #toc-49 to "暺?瑁?銝﹝嚗???2,380嚗??1,666嚗?璅???舀??芣?"
[TOC DEBUG] Processing header 50: "Flower Shoe Crew憟嗉?脣???銵???$1,880嚗?函?孵閬?1,316嚗??曉???嗡?憿?臭誑??? (Tag: strong)
[TOC DEBUG]   Adding anchor #toc-50 to "Flower Shoe Crew憟嗉?脣???銵???$1,880嚗?函?孵閬?1,316嚗??曉???嗡?憿?臭誑???
[TOC DEBUG] Processing header 51: "蝐唾敺拙?? (Tag: strong)
[TOC DEBUG]   Adding anchor #toc-51 to "蝐唾敺拙??
[TOC DEBUG] Processing header 52: "?$4,880嚗?孵閬?1,990嚗閬?.1?? (Tag: strong)
[TOC DEBUG]   Adding anchor #toc-52 to "?$4,880嚗?孵閬?1,990嚗閬?.1??
[TOC DEBUG] Processing header 53: "??鈭箸?????Under Armour嚗??訾??臬???絲!" (Tag: strong)
[TOC DEBUG]   Adding anchor #toc-53 to "??鈭箸?????Under Armour嚗??訾??臬???絲!"
[TOC DEBUG] Processing header 54: "Under Armour?脤◢憭?+?瑁仆銋??芣?!" (Tag: strong)
[TOC DEBUG]   Adding anchor #toc-54 to "Under Armour?脤◢憭?+?瑁仆銋??芣?!"
[TOC DEBUG] Processing header 55: "??Launch Storm?脤◢憭?嚗???2,680嚗?孵閬?1,876Unstoppable ?耦?瑁仆嚗???2,980嚗?孵閬?2,086" (Tag: strong)
[TOC DEBUG]   Adding anchor #toc-55 to "??Launch Storm?脤◢憭?嚗???2,680嚗?孵閬?1,876Unstoppable ?耦?瑁仆嚗???2,980嚗?孵閬?2,086"
[TOC DEBUG] Processing header 56: "蝝怨??銝﹝嚗???1,480嚗?函?孵閬?740嚗?5??????" (Tag: strong)
[TOC DEBUG]   Adding anchor #toc-56 to "蝝怨??銝﹝嚗???1,480嚗?函?孵閬?740嚗?5??????"
[TOC DEBUG] Processing header 57: "敶折?蝜???" (Tag: strong)
[TOC DEBUG]   Adding anchor #toc-57 to "敶折?蝜???"
[TOC DEBUG] Processing header 58: "銋??刻嚗????除嚗? (Tag: strong)
[TOC DEBUG]   Adding anchor #toc-58 to "銋??刻嚗????除嚗?
[TOC DEBUG] Processing header 59: "?$3,680嚗暑??孵閬?2,576嚗??舀??孵榆?芣?" (Tag: strong)
[TOC DEBUG]   Adding anchor #toc-59 to "?$3,680嚗暑??孵閬?2,576嚗??舀??孵榆?芣?"
[TOC DEBUG] Processing header 60: "?支?撌脩??UTLET?銋?嚗?瘣餃?銝哨????拐辣 85 ??銝辣 75 ???銝眺憭芸?" (Tag: strong)
[TOC DEBUG]   Adding anchor #toc-60 to "?支?撌脩??UTLET?銋?嚗?瘣餃?銝哨????拐辣 85 ??銝辣 75 ???銝眺憭芸?"
[TOC DEBUG] Processing header 61: "蝎?嗡犖????蝬脣??除閮剛?嚗??拇?頠?敶改??$1,880嚗?函?孵閬?1,490" (Tag: strong)
[TOC DEBUG]   Adding anchor #toc-61 to "蝎?嗡犖????蝬脣??除閮剛?嚗??拇?頠?敶改??$1,880嚗?函?孵閬?1,490"
[TOC DEBUG] Processing header 62: "蝎撠?????$2,680嚗?其??芾?$1,890" (Tag: strong)
[TOC DEBUG]   Adding anchor #toc-62 to "蝎撠?????$2,680嚗?其??芾?$1,890"
[TOC DEBUG] Processing header 63: "FILA?桅隡??? (Tag: strong)
[TOC DEBUG]   Adding anchor #toc-63 to "FILA?桅隡???
[TOC DEBUG] Processing header 64: "?$2,280嚗??1,690嚗?港?皛踹?憟賜??狡撘隞交??? (Tag: strong)
[TOC DEBUG]   Adding anchor #toc-64 to "?$2,280嚗??1,690嚗?港?皛踹?憟賜??狡撘隞交???
[TOC DEBUG] Processing header 65: "?Ｚ????izuno" (Tag: strong)
[TOC DEBUG]   Adding anchor #toc-65 to "?Ｚ????izuno"
[TOC DEBUG] Processing header 66: "??葉??3-5?? (Tag: strong)
[TOC DEBUG]   Adding anchor #toc-66 to "??葉??3-5??
[TOC DEBUG] Processing header 67: "??頝??寞?賢閬?.5??" (Tag: strong)
[TOC DEBUG]   Adding anchor #toc-67 to "??頝??寞?賢閬?.5??"
[TOC DEBUG] Processing header 68: "?瑟狡?Ｚ????$2,380嚗?函?寧??嗅閬?833憟單狡頝航????$3,680嚗暑??孵閬?1,288" (Tag: strong)
[TOC DEBUG]   Adding anchor #toc-68 to "?瑟狡?Ｚ????$2,380嚗?函?寧??嗅閬?833憟單狡頝航????$3,680嚗暑??孵閬?1,288"
[TOC DEBUG] Processing header 69: "?貉頃撱箄降" (Tag: strong)
[TOC DEBUG]   Adding anchor #toc-69 to "?貉頃撱箄降"
[TOC DEBUG] Processing header 70: "蝯偏敹?" (Tag: strong)
[TOC DEBUG]   Adding anchor #toc-70 to "蝯偏敹?"
[TOC DEBUG] Processing header 71: "?交?憭拙 OUTLET嚚?頠?鈭日撘? (Tag: strong)
[TOC DEBUG]   Adding anchor #toc-71 to "?交?憭拙 OUTLET嚚?頠?鈭日撘?
[TOC DEBUG] Processing header 72: "?交?憭拙 OUTLET 摰鞈?" (Tag: strong)
[TOC DEBUG]   Adding anchor #toc-72 to "?交?憭拙 OUTLET 摰鞈?"
[2026/1/28 銝?2:42:04] ??撌脣遣蝡? 852549836922664544.md
[2026/1/28 銝?2:42:06] ?? ??: ??蝝?輻??刻???輻? ?啣?摰?摨?銝駁??????祆?祕??敺???敺?JSON-LD ?????批捆 (?瑕漲: 49145)
[2026/1/28 銝?2:42:06] ??撌脣遣蝡? 844792553451008760.md
[2026/1/28 銝?2:42:07] ?? ??: 獢?憭扳漯擗輒嚚?瘜?啗???璉格?蝟餌??頞末??擗?銵函??銝
??敺?JSON-LD ?????批捆 (?瑕漲: 56181)
[TOC DEBUG] Processing header 0: "???怎??" (Tag: strong)
[TOC DEBUG]   Adding anchor #toc-0 to "???怎??"
[TOC DEBUG] Processing header 1: "?嗆?憯賣?????銝隞賢???" (Tag: strong)
[TOC DEBUG]   Adding anchor #toc-1 to "?嗆?憯賣?????銝隞賢???"
[TOC DEBUG] Processing header 3: "獢????怎??嚚?芾ㄐ嚗獐?鳴?" (Tag: h2)
[TOC DEBUG]   Adding anchor #toc-3 to "獢????怎??嚚?芾ㄐ嚗獐?鳴?"
[TOC DEBUG] Processing header 4: "??憭扳漯?7蝺?" (Tag: strong)
[TOC DEBUG]   Adding anchor #toc-4 to "??憭扳漯?7蝺?"
[TOC DEBUG] Processing header 5: "??瘜?啗??? (Tag: strong)
[TOC DEBUG]   Adding anchor #toc-5 to "??瘜?啗???
[TOC DEBUG] Processing header 6: "?祥???? (Tag: strong)
[TOC DEBUG]   Adding anchor #toc-6 to "?祥????
[TOC DEBUG] Processing header 7: "獢????怎??嚚?閫" (Tag: h2)
[TOC DEBUG]   Adding anchor #toc-7 to "獢????怎??嚚?閫"
[TOC DEBUG] Processing header 8: "獢????怎??嚚擗憓? (Tag: h2)
[TOC DEBUG]   Adding anchor #toc-8 to "獢????怎??嚚擗憓?
[TOC DEBUG] Processing header 9: "獢????怎??嚚??桀雿? (Tag: h2)
[TOC DEBUG]   Adding anchor #toc-9 to "獢????怎??嚚??桀雿?
[TOC DEBUG] Processing header 10: "?嫣?蝝??$350嚚?700 撌血" (Tag: strong)
[TOC DEBUG]   Adding anchor #toc-10 to "?嫣?蝝??$350嚚?700 撌血"
[TOC DEBUG] Processing header 11: "?駁?? 10% ??鞎? (Tag: strong)
[TOC DEBUG]   Adding anchor #toc-11 to "?駁?? 10% ??鞎?
[TOC DEBUG] Processing header 12: "?餃??亙??暸?鈭斗?" (Tag: strong)
[TOC DEBUG]   Adding anchor #toc-12 to "?餃??亙??暸?鈭斗?"
[TOC DEBUG] Processing header 13: "?餌擗???2 撠?" (Tag: strong)
[TOC DEBUG]   Adding anchor #toc-13 to "?餌擗???2 撠?"
[TOC DEBUG] Processing header 14: "?餃漣雿???10 ??嚗?皞??菟?嚗? (Tag: strong)
[TOC DEBUG]   Adding anchor #toc-14 to "?餃漣雿???10 ??嚗?皞??菟?嚗?
[TOC DEBUG] Processing header 15: "?嗆憯賣?" (Tag: strong)
[TOC DEBUG]   Adding anchor #toc-15 to "?嗆憯賣?"
[TOC DEBUG] Processing header 16: "??銝隞賢???" (Tag: strong)
[TOC DEBUG]   Adding anchor #toc-16 to "??銝隞賢???"
[TOC DEBUG] Processing header 17: "獢????怎??嚚?暺”?? (Tag: h2)
[TOC DEBUG]   Adding anchor #toc-17 to "獢????怎??嚚?暺”??
[TOC DEBUG] Processing header 18: "瞈?雿??拙" (Tag: strong)
[TOC DEBUG]   Adding anchor #toc-18 to "瞈?雿??拙"
[TOC DEBUG] Processing header 19: "?釭頠咿???撠梯頛???" (Tag: strong)
[TOC DEBUG]   Adding anchor #toc-19 to "?釭頠咿???撠梯頛???"
[TOC DEBUG] Processing header 20: "?日收?渲?蔗?脰?? (Tag: strong)
[TOC DEBUG]   Adding anchor #toc-20 to "?日收?渲?蔗?脰??
[TOC DEBUG] Processing header 21: "瑼豢狀憛? (Tag: strong)
[TOC DEBUG]   Adding anchor #toc-21 to "瑼豢狀憛?
[TOC DEBUG] Processing header 22: "獢????怎??嚚?敺?敺? (Tag: h2)
[TOC DEBUG]   Adding anchor #toc-22 to "獢????怎??嚚?敺?敺?
[TOC DEBUG] Processing header 23: "?嗅予摨?＊瘥?敹? (Tag: strong)
[TOC DEBUG]   Adding anchor #toc-23 to "?嗅予摨?＊瘥?敹?
[TOC DEBUG] Processing header 24: "甇◢?餌?撅?撣詨末?" (Tag: strong)
[TOC DEBUG]   Adding anchor #toc-24 to "甇◢?餌?撅?撣詨末?"
[2026/1/28 銝?2:42:08] ??撌脣遣蝡? 12227432593.md
[2026/1/28 銝?2:42:09] ?? ??: 2026 ?剜狡?????閰?嚚??刻BEAUTY CLUB ??靽????質????賢祕皜砍?敺???敺?JSON-LD ?????批捆 (?瑕漲: 66213)
[TOC DEBUG] Processing header 0: "BEAUTY CLUB ?亙??????? (Tag: strong)
[TOC DEBUG]   Adding anchor #toc-0 to "BEAUTY CLUB ?亙???????
[TOC DEBUG] Processing header 1: "?剜狡?????" (Tag: strong)
[TOC DEBUG]   Adding anchor #toc-1 to "?剜狡?????"
[TOC DEBUG] Processing header 2: "BEAUTY CLUB TIMESEAL嚗嚗?LADY WHITE嚗?嚗? (Tag: strong)
[TOC DEBUG]   Adding anchor #toc-2 to "BEAUTY CLUB TIMESEAL嚗嚗?LADY WHITE嚗?嚗?
[TOC DEBUG] Processing header 4: "?箔?暻潸?鋆????嚗??閬?嚗? (Tag: h2)
[TOC DEBUG]   Adding anchor #toc-4 to "?箔?暻潸?鋆????嚗??閬?嚗?
[TOC DEBUG] Processing header 5: "???貉????賜?5??皞? (Tag: h2)
[TOC DEBUG]   Adding anchor #toc-5 to "???貉????賜?5??皞?
[TOC DEBUG] Processing header 6: "1. ????撠?憟賢?塚????賣?湧脤??豢?嚗? (Tag: strong)
[TOC DEBUG]   Adding anchor #toc-6 to "1. ????撠?憟賢?塚????賣?湧脤??豢?嚗?
[TOC DEBUG] Processing header 7: "2.?????賜??恍?????鞈? (Tag: strong)
[TOC DEBUG]   Adding anchor #toc-7 to "2.?????賜??恍?????鞈?
[TOC DEBUG] Processing header 8: "PANMOL簧 NADH 撠?賊匱?航銴??? (Tag: strong)
[TOC DEBUG]   Adding anchor #toc-8 to "PANMOL簧 NADH 撠?賊匱?航銴???
[TOC DEBUG] Processing header 9: "PureWay-C簧 撠蝬剔?蝝?C" (Tag: strong)
[TOC DEBUG]   Adding anchor #toc-9 to "PureWay-C簧 撠蝬剔?蝝?C"
[TOC DEBUG] Processing header 10: "3.??銴??嚗???券嚗? (Tag: strong)
[TOC DEBUG]   Adding anchor #toc-10 to "3.??銴??嚗???券嚗?
[TOC DEBUG] Processing header 11: "銴??" (Tag: strong)
[TOC DEBUG]   Adding anchor #toc-11 to "銴??"
[TOC DEBUG] Processing header 12: "NADH ?賊匱?航銴??? (Tag: strong)
[TOC DEBUG]   Adding anchor #toc-12 to "NADH ?賊匱?航銴???
[TOC DEBUG] Processing header 13: "頛蝝?Q10" (Tag: strong)
[TOC DEBUG]   Adding anchor #toc-13 to "頛蝝?Q10"
[TOC DEBUG] Processing header 14: "4.蝎???摰寞?鋆頞喲?嚗??撖衣嚗? (Tag: strong)
[TOC DEBUG]   Adding anchor #toc-14 to "4.蝎???摰寞?鋆頞喲?嚗??撖衣嚗?
[TOC DEBUG] Processing header 15: "蝎??????賣?摨阡?嚗?摰寞?銝甈∟??啗雲?? (Tag: strong)
[TOC DEBUG]   Adding anchor #toc-15 to "蝎??????賣?摨阡?嚗?摰寞?銝甈∟??啗雲??
[TOC DEBUG] Processing header 16: "5.?貉撌勗?敺?????????" (Tag: strong)
[TOC DEBUG]   Adding anchor #toc-16 to "5.?貉撌勗?敺?????????"
[TOC DEBUG] Processing header 17: "雿?銝???憭拙?嚗? (Tag: strong)
[TOC DEBUG]   Adding anchor #toc-17 to "雿?銝???憭拙?嚗?
[TOC DEBUG] Processing header 18: "撖行葫5摰嗉????賣?西?瘥?" (Tag: h2)
[TOC DEBUG]   Adding anchor #toc-18 to "撖行葫5摰嗉????賣?西?瘥?"
[TOC DEBUG] Processing header 19: "??撠???????寧?擗?蝯?" (Tag: strong)
[TOC DEBUG]   Adding anchor #toc-19 to "??撠???????寧?擗?蝯?"
[TOC DEBUG] Processing header 20: "????潦? (Tag: strong)
[TOC DEBUG]   Adding anchor #toc-20 to "????潦?
[TOC DEBUG] Processing header 21: "??唾?擃??? (Tag: strong)
[TOC DEBUG]   Adding anchor #toc-21 to "??唾?擃???
[TOC DEBUG] Processing header 22: "m2蝢漲嚚??賣偌???ㄡ" (Tag: h2)
[TOC DEBUG]   Adding anchor #toc-22 to "m2蝢漲嚚??賣偌???ㄡ"
[TOC DEBUG] Processing header 23: "?批捆??" (Tag: strong)
[TOC DEBUG]   Adding anchor #toc-23 to "?批捆??"
[TOC DEBUG] Processing header 24: "????恍?嚗? (Tag: strong)
[TOC DEBUG]   Adding anchor #toc-24 to "????恍?嚗?
[TOC DEBUG] Processing header 25: "???靘?嚗? (Tag: strong)
[TOC DEBUG]   Adding anchor #toc-25 to "???靘?嚗?
[TOC DEBUG] Processing header 26: "???憿?嚗? (Tag: strong)
[TOC DEBUG]   Adding anchor #toc-26 to "???憿?嚗?
[TOC DEBUG] Processing header 27: "??嚗? (Tag: strong)
[TOC DEBUG]   Adding anchor #toc-27 to "??嚗?
[TOC DEBUG] Processing header 28: "銴瘛餃?嚗? (Tag: strong)
[TOC DEBUG]   Adding anchor #toc-28 to "銴瘛餃?嚗?
[TOC DEBUG] Processing header 29: "撱箄降?券?嚗? (Tag: strong)
[TOC DEBUG]   Adding anchor #toc-29 to "撱箄降?券?嚗?
[TOC DEBUG] Processing header 30: "?梢?/隞踝?" (Tag: strong)
[TOC DEBUG]   Adding anchor #toc-30 to "?梢?/隞踝?"
[TOC DEBUG] Processing header 31: "?寞嚗? (Tag: strong)
[TOC DEBUG]   Adding anchor #toc-31 to "?寞嚗?
[TOC DEBUG] Processing header 32: "????刻蝔漲嚗? (Tag: strong)
[TOC DEBUG]   Adding anchor #toc-32 to "????刻蝔漲嚗?
[TOC DEBUG] Processing header 33: "A.A. Clean Label ???⊥溶??霅? SGS 瑼Ｘ葫" (Tag: strong)
[TOC DEBUG]   Adding anchor #toc-33 to "A.A. Clean Label ???⊥溶??霅? SGS 瑼Ｘ葫"
[TOC DEBUG] Processing header 34: "27.1 憭批" (Tag: strong)
[TOC DEBUG]   Adding anchor #toc-34 to "27.1 憭批"
[TOC DEBUG] Processing header 35: "BEAUTY CLUB ?????? (Tag: strong)
[TOC DEBUG]   Adding anchor #toc-35 to "BEAUTY CLUB ??????
[TOC DEBUG] Processing header 36: "BEAUTY CLUB" (Tag: strong)
[TOC DEBUG]   Adding anchor #toc-36 to "BEAUTY CLUB"
[TOC DEBUG] Processing header 37: "銝?芣?鋆????賬頨恬??敺?????暑蝭憟?潘????拇??拍車??? (Tag: strong)
[TOC DEBUG]   Adding anchor #toc-37 to "銝?芣?鋆????賬頨恬??敺?????暑蝭憟?潘????拇??拍車???
[TOC DEBUG] Processing header 38: "???挾敺芰靽??? (Tag: strong)
[TOC DEBUG]   Adding anchor #toc-38 to "???挾敺芰靽???
[TOC DEBUG] Processing header 39: "TIMESEAL嚗嚗? (Tag: strong)
[TOC DEBUG]   Adding anchor #toc-39 to "TIMESEAL嚗嚗?
[TOC DEBUG] Processing header 40: "LADY WHITE嚗?嚗? (Tag: strong)
[TOC DEBUG]   Adding anchor #toc-40 to "LADY WHITE嚗?嚗?
[TOC DEBUG] Processing header 41: "BEAUTY CLUB嚚IMESEAL?拙?????????蝝啁溶???翩蝺溶" (Tag: h2)
[TOC DEBUG]   Adding anchor #toc-41 to "BEAUTY CLUB嚚IMESEAL?拙?????????蝝啁溶???翩蝺溶"
[TOC DEBUG] Processing header 42: "?批捆??" (Tag: strong)
[TOC DEBUG]   Adding anchor #toc-42 to "?批捆??"
[TOC DEBUG] Processing header 43: "????恍?嚗? (Tag: strong)
[TOC DEBUG]   Adding anchor #toc-43 to "????恍?嚗?
[TOC DEBUG] Processing header 44: "???靘?嚗? (Tag: strong)
[TOC DEBUG]   Adding anchor #toc-44 to "???靘?嚗?
[TOC DEBUG] Processing header 45: "???憿?嚗? (Tag: strong)
[TOC DEBUG]   Adding anchor #toc-45 to "???憿?嚗?
[TOC DEBUG] Processing header 46: "??嚗? (Tag: strong)
[TOC DEBUG]   Adding anchor #toc-46 to "??嚗?
[TOC DEBUG] Processing header 47: "銴瘛餃?嚗? (Tag: strong)
[TOC DEBUG]   Adding anchor #toc-47 to "銴瘛餃?嚗?
[TOC DEBUG] Processing header 48: "撱箄降?券?嚗? (Tag: strong)
[TOC DEBUG]   Adding anchor #toc-48 to "撱箄降?券?嚗?
[TOC DEBUG] Processing header 49: "?梢?/隞踝?" (Tag: strong)
[TOC DEBUG]   Adding anchor #toc-49 to "?梢?/隞踝?"
[TOC DEBUG] Processing header 50: "?寞嚗? (Tag: strong)
[TOC DEBUG]   Adding anchor #toc-50 to "?寞嚗?
[TOC DEBUG] Processing header 51: "????刻蝔漲嚗? (Tag: strong)
[TOC DEBUG]   Adding anchor #toc-51 to "????刻蝔漲嚗?
[TOC DEBUG] Processing header 52: "NADH + 頛蝝?Q10 ???撘?" (Tag: strong)
[TOC DEBUG]   Adding anchor #toc-52 to "NADH + 頛蝝?Q10 ???撘?"
[TOC DEBUG] Processing header 53: "?飢???? (Tag: strong)
[TOC DEBUG]   Adding anchor #toc-53 to "?飢????
[TOC DEBUG] Processing header 54: "?梢??芣? 13.6 憭批嚗?剜狡閰?銝剜?雿?" (Tag: strong)
[TOC DEBUG]   Adding anchor #toc-54 to "?梢??芣? 13.6 憭批嚗?剜狡閰?銝剜?雿?"
[TOC DEBUG] Processing header 55: "BEAUTY CLUB嚚ADY WHITE ?????????∪?黎????典?? (Tag: h2)
[TOC DEBUG]   Adding anchor #toc-55 to "BEAUTY CLUB嚚ADY WHITE ?????????∪?黎????典??
[TOC DEBUG] Processing header 56: "?批捆??" (Tag: strong)
[TOC DEBUG]   Adding anchor #toc-56 to "?批捆??"
[TOC DEBUG] Processing header 57: "????恍?嚗? (Tag: strong)
[TOC DEBUG]   Adding anchor #toc-57 to "????恍?嚗?
[TOC DEBUG] Processing header 58: "???靘?嚗? (Tag: strong)
[TOC DEBUG]   Adding anchor #toc-58 to "???靘?嚗?
[TOC DEBUG] Processing header 59: "???憿?嚗? (Tag: strong)
[TOC DEBUG]   Adding anchor #toc-59 to "???憿?嚗?
[TOC DEBUG] Processing header 60: "??嚗? (Tag: strong)
[TOC DEBUG]   Adding anchor #toc-60 to "??嚗?
[TOC DEBUG] Processing header 61: "銴瘛餃?嚗? (Tag: strong)
[TOC DEBUG]   Adding anchor #toc-61 to "銴瘛餃?嚗?
[TOC DEBUG] Processing header 62: "撱箄降?券?嚗? (Tag: strong)
[TOC DEBUG]   Adding anchor #toc-62 to "撱箄降?券?嚗?
[TOC DEBUG] Processing header 63: "?梢?/隞踝?" (Tag: strong)
[TOC DEBUG]   Adding anchor #toc-63 to "?梢?/隞踝?"
[TOC DEBUG] Processing header 64: "?寞嚗? (Tag: strong)
[TOC DEBUG]   Adding anchor #toc-64 to "?寞嚗?
[TOC DEBUG] Processing header 65: "????刻蝔漲嚗? (Tag: strong)
[TOC DEBUG]   Adding anchor #toc-65 to "????刻蝔漲嚗?
[TOC DEBUG] Processing header 66: "LADY WHITE" (Tag: strong)
[TOC DEBUG]   Adding anchor #toc-66 to "LADY WHITE"
[TOC DEBUG] Processing header 67: "?交 BHN ???質????踝??思??嚗??嚗?000mg" (Tag: strong)
[TOC DEBUG]   Adding anchor #toc-67 to "?交 BHN ???質????踝??思??嚗??嚗?000mg"
[TOC DEBUG] Processing header 68: "??撠惇?耨霅瑟??? (Tag: strong)
[TOC DEBUG]   Adding anchor #toc-68 to "??撠惇?耨霅瑟???
[TOC DEBUG] Processing header 69: "蝢?敺株?擃??梁??? (Tag: strong)
[TOC DEBUG]   Adding anchor #toc-69 to "蝢?敺株?擃??梁???
[TOC DEBUG] Processing header 70: "蝬剔?蝝?C" (Tag: strong)
[TOC DEBUG]   Adding anchor #toc-70 to "蝬剔?蝝?C"
[TOC DEBUG] Processing header 71: "镼輻??畾潸??" (Tag: strong)
[TOC DEBUG]   Adding anchor #toc-71 to "镼輻??畾潸??"
[TOC DEBUG] Processing header 72: "?唳?芾?" (Tag: strong)
[TOC DEBUG]   Adding anchor #toc-72 to "?唳?芾?"
[TOC DEBUG] Processing header 73: "14.1 憭批" (Tag: strong)
[TOC DEBUG]   Adding anchor #toc-73 to "14.1 憭批"
[TOC DEBUG] Processing header 74: "TKLAB嚚?戭窄鞎?敶咿簧???憌?瘞渲?獢◢??" (Tag: h2)
[TOC DEBUG]   Adding anchor #toc-74 to "TKLAB嚚?戭窄鞎?敶咿簧???憌?瘞渲?獢◢??"
[TOC DEBUG] Processing header 76: "* ?批捆??20ml" (Tag: h2)
[TOC DEBUG]   Adding anchor #toc-76 to "* ?批捆??20ml"
[TOC DEBUG] Processing header 77: "?批捆??" (Tag: strong)
[TOC DEBUG]   Adding anchor #toc-77 to "?批捆??"
[TOC DEBUG] Processing header 78: "????恍?嚗? (Tag: strong)
[TOC DEBUG]   Adding anchor #toc-78 to "????恍?嚗?
[TOC DEBUG] Processing header 79: "???靘?嚗? (Tag: strong)
[TOC DEBUG]   Adding anchor #toc-79 to "???靘?嚗?
[TOC DEBUG] Processing header 80: "???憿?嚗? (Tag: strong)
[TOC DEBUG]   Adding anchor #toc-80 to "???憿?嚗?
[TOC DEBUG] Processing header 81: "??嚗? (Tag: strong)
[TOC DEBUG]   Adding anchor #toc-81 to "??嚗?
[TOC DEBUG] Processing header 82: "銴瘛餃?嚗? (Tag: strong)
[TOC DEBUG]   Adding anchor #toc-82 to "銴瘛餃?嚗?
[TOC DEBUG] Processing header 83: "撱箄降?券?嚗? (Tag: strong)
[TOC DEBUG]   Adding anchor #toc-83 to "撱箄降?券?嚗?
[TOC DEBUG] Processing header 84: "?梢?/隞踝?" (Tag: strong)
[TOC DEBUG]   Adding anchor #toc-84 to "?梢?/隞踝?"
[TOC DEBUG] Processing header 85: "?寞嚗? (Tag: strong)
[TOC DEBUG]   Adding anchor #toc-85 to "?寞嚗?
[TOC DEBUG] Processing header 86: "????刻蝔漲嚗? (Tag: strong)
[TOC DEBUG]   Adding anchor #toc-86 to "????刻蝔漲嚗?
[TOC DEBUG] Processing header 87: "VERISOL簧 敺瑕?????剝?镼輻???? (Tag: strong)
[TOC DEBUG]   Adding anchor #toc-87 to "VERISOL簧 敺瑕?????剝?镼輻????
[TOC DEBUG] Processing header 88: "蝬剔?蝝?C ??NAG 撠?摮撠輸???? (Tag: strong)
[TOC DEBUG]   Adding anchor #toc-88 to "蝬剔?蝝?C ??NAG 撠?摮撠輸????
[TOC DEBUG] Processing header 89: "敺桅敺桃??偌??憸典" (Tag: strong)
[TOC DEBUG]   Adding anchor #toc-89 to "敺桅敺桃??偌??憸典"
[TOC DEBUG] Processing header 90: "???急???42%" (Tag: strong)
[TOC DEBUG]   Adding anchor #toc-90 to "???急???42%"
[TOC DEBUG] Processing header 91: "$1180/10 ??撟喳?銝??$118" (Tag: strong)
[TOC DEBUG]   Adding anchor #toc-91 to "$1180/10 ??撟喳?銝??$118"
[TOC DEBUG] Processing header 92: "銝?停??19.2 憭批" (Tag: strong)
[TOC DEBUG]   Adding anchor #toc-92 to "銝?停??19.2 憭批"
[TOC DEBUG] Processing header 93: "BHK's嚚失??" (Tag: h2)
[TOC DEBUG]   Adding anchor #toc-93 to "BHK's嚚失??"
[TOC DEBUG] Processing header 94: "?批捆??" (Tag: strong)
[TOC DEBUG]   Adding anchor #toc-94 to "?批捆??"
[TOC DEBUG] Processing header 95: "????恍?嚗? (Tag: strong)
[TOC DEBUG]   Adding anchor #toc-95 to "????恍?嚗?
[TOC DEBUG] Processing header 96: "???靘?嚗? (Tag: strong)
[TOC DEBUG]   Adding anchor #toc-96 to "???靘?嚗?
[TOC DEBUG] Processing header 97: "???憿?嚗? (Tag: strong)
[TOC DEBUG]   Adding anchor #toc-97 to "???憿?嚗?
[TOC DEBUG] Processing header 98: "??嚗? (Tag: strong)
[TOC DEBUG]   Adding anchor #toc-98 to "??嚗?
[TOC DEBUG] Processing header 99: "銴瘛餃?嚗? (Tag: strong)
[TOC DEBUG]   Adding anchor #toc-99 to "銴瘛餃?嚗?
[TOC DEBUG] Processing header 100: "撱箄降?券?嚗? (Tag: strong)
[TOC DEBUG]   Adding anchor #toc-100 to "撱箄降?券?嚗?
[TOC DEBUG] Processing header 101: "?梢?/隞踝?" (Tag: strong)
[TOC DEBUG]   Adding anchor #toc-101 to "?梢?/隞踝?"
[TOC DEBUG] Processing header 102: "?寞嚗? (Tag: strong)
[TOC DEBUG]   Adding anchor #toc-102 to "?寞嚗?
[TOC DEBUG] Processing header 103: "????刻蝔漲嚗? (Tag: strong)
[TOC DEBUG]   Adding anchor #toc-103 to "????刻蝔漲嚗?
[TOC DEBUG] Processing header 104: "瘝?瘛餃?隞颱??????" (Tag: strong)
[TOC DEBUG]   Adding anchor #toc-104 to "瘝?瘛餃?隞颱??????"
[TOC DEBUG] Processing header 105: "?交撠蝛?梁??賬??????雁?? C?雁?? E" (Tag: strong)
[TOC DEBUG]   Adding anchor #toc-105 to "?交撠蝛?梁??賬??????雁?? C?雁?? E"
[TOC DEBUG] Processing header 106: "250mg ??砍??拍??梁???GSH" (Tag: strong)
[TOC DEBUG]   Adding anchor #toc-106 to "250mg ??砍??拍??梁???GSH"
[TOC DEBUG] Processing header 107: "雿?摮??? (Tag: strong)
[TOC DEBUG]   Adding anchor #toc-107 to "雿?摮???
[TOC DEBUG] Processing header 108: "蝬凋???C? ??瘞批?蝯?" (Tag: strong)
[TOC DEBUG]   Adding anchor #toc-108 to "蝬凋???C? ??瘞批?蝯?"
[TOC DEBUG] Processing header 109: "銝??60 憿?$1399" (Tag: strong)
[TOC DEBUG]   Adding anchor #toc-109 to "銝??60 憿?$1399"
[TOC DEBUG] Processing header 110: "撟喳?銝憭拍? $23" (Tag: strong)
[TOC DEBUG]   Adding anchor #toc-110 to "撟喳?銝憭拍? $23"
[TOC DEBUG] Processing header 111: "瘝??????" (Tag: strong)
[TOC DEBUG]   Adding anchor #toc-111 to "瘝??????"
[TOC DEBUG] Processing header 112: "蝢??賂??芰蝢???" (Tag: h2)
[TOC DEBUG]   Adding anchor #toc-112 to "蝢??賂??芰蝢???"
[TOC DEBUG] Processing header 113: "?批捆??" (Tag: strong)
[TOC DEBUG]   Adding anchor #toc-113 to "?批捆??"
[TOC DEBUG] Processing header 114: "????恍?嚗? (Tag: strong)
[TOC DEBUG]   Adding anchor #toc-114 to "????恍?嚗?
[TOC DEBUG] Processing header 115: "???靘?嚗? (Tag: strong)
[TOC DEBUG]   Adding anchor #toc-115 to "???靘?嚗?
[TOC DEBUG] Processing header 116: "???憿?嚗? (Tag: strong)
[TOC DEBUG]   Adding anchor #toc-116 to "???憿?嚗?
[TOC DEBUG] Processing header 117: "??嚗? (Tag: strong)
[TOC DEBUG]   Adding anchor #toc-117 to "??嚗?
[TOC DEBUG] Processing header 118: "銴瘛餃?嚗? (Tag: strong)
[TOC DEBUG]   Adding anchor #toc-118 to "銴瘛餃?嚗?
[TOC DEBUG] Processing header 119: "撱箄降?券?嚗? (Tag: strong)
[TOC DEBUG]   Adding anchor #toc-119 to "撱箄降?券?嚗?
[TOC DEBUG] Processing header 120: "?梢?/隞踝?" (Tag: strong)
[TOC DEBUG]   Adding anchor #toc-120 to "?梢?/隞踝?"
[TOC DEBUG] Processing header 121: "?寞嚗? (Tag: strong)
[TOC DEBUG]   Adding anchor #toc-121 to "?寞嚗?
[TOC DEBUG] Processing header 122: "????刻蝔漲嚗? (Tag: strong)
[TOC DEBUG]   Adding anchor #toc-122 to "????刻蝔漲嚗?
[TOC DEBUG] Processing header 123: "?交 WELLNEX簧 PO繚OG 雿?摮????質??? (Tag: strong)
[TOC DEBUG]   Adding anchor #toc-123 to "?交 WELLNEX簧 PO繚OG 雿?摮????質???
[TOC DEBUG] Processing header 124: "銝憭拙??拙?嚗?閮???5000mg ???" (Tag: strong)
[TOC DEBUG]   Adding anchor #toc-124 to "銝憭拙??拙?嚗?閮???5000mg ???"
[TOC DEBUG] Processing header 125: "瘛⊥楚??頞???" (Tag: strong)
[TOC DEBUG]   Adding anchor #toc-125 to "瘛⊥楚??頞???"
[TOC DEBUG] Processing header 126: "$840" (Tag: strong)
[TOC DEBUG]   Adding anchor #toc-126 to "$840"
[TOC DEBUG] Processing header 127: "$42" (Tag: strong)
[TOC DEBUG]   Adding anchor #toc-127 to "$42"
[TOC DEBUG] Processing header 128: "28 憭批" (Tag: strong)
[TOC DEBUG]   Adding anchor #toc-128 to "28 憭批"
[TOC DEBUG] Processing header 129: "?剜狡???瘥?銵剁?蝎曇?渡?嚗? (Tag: h2)
[TOC DEBUG]   Adding anchor #toc-129 to "?剜狡???瘥?銵剁?蝎曇?渡?嚗?
[TOC DEBUG] Processing header 130: "27.2 kcal嚗?擃?" (Tag: strong)
[TOC DEBUG]   Adding anchor #toc-130 to "27.2 kcal嚗?擃?"
[TOC DEBUG] Processing header 131: "13.6 kcal嚗?雿?" (Tag: strong)
[TOC DEBUG]   Adding anchor #toc-131 to "13.6 kcal嚗?雿?"
[TOC DEBUG] Processing header 132: "$118嚗?嚗?擃?" (Tag: strong)
[TOC DEBUG]   Adding anchor #toc-132 to "$118嚗?嚗?擃?"
[TOC DEBUG] Processing header 133: "敹?蝯?嚚撠????踝?瘥予?質蝬剜?憟賜??? (Tag: h2)
[TOC DEBUG]   Adding anchor #toc-133 to "敹?蝯?嚚撠????踝?瘥予?質蝬剜?憟賜???
[TOC DEBUG] Processing header 134: "BEAUTY CLUB???????" (Tag: strong)
[TOC DEBUG]   Adding anchor #toc-134 to "BEAUTY CLUB???????"
[TOC DEBUG] Processing header 135: "瘞?霈帘摰???頛末" (Tag: strong)
[TOC DEBUG]   Adding anchor #toc-135 to "瘞?霈帘摰???頛末"
[TOC DEBUG] Processing header 137: "BEAUTY CLUB?甇?Ⅱ??撠??? (Tag: strong)
[TOC DEBUG]   Adding anchor #toc-137 to "BEAUTY CLUB?甇?Ⅱ??撠???
[TOC DEBUG] Processing header 138: "?拐?嚚IMESEAL嚗?嚗?朣∠?蝺餅狡" (Tag: strong)
[TOC DEBUG]   Adding anchor #toc-138 to "?拐?嚚IMESEAL嚗?嚗?朣∠?蝺餅狡"
[TOC DEBUG] Processing header 139: "??嚚ADY WHITE嚗?嚗?瞉文?狡" (Tag: strong)
[TOC DEBUG]   Adding anchor #toc-139 to "??嚚ADY WHITE嚗?嚗?瞉文?狡"
[2026/1/28 銝?2:42:09] ??撌脣遣蝡? 12227428963.md
[2026/1/28 銝?2:42:11] ?? ??: ?啣?銝剖?蝢?嚗??亙???嚚???鞎餌?嚗惇?僖憌航???嚗???敺?JSON-LD ?????批捆 (?瑕漲: 48532)
[TOC DEBUG] Processing header 0: "銝餅????皝舫ㄞ" (Tag: strong)
[TOC DEBUG]   Adding anchor #toc-0 to "銝餅????皝舫ㄞ"
[TOC DEBUG] Processing header 1: "鞊祈?皝舫ㄞ" (Tag: strong)
[TOC DEBUG]   Adding anchor #toc-1 to "鞊祈?皝舫ㄞ"
[TOC DEBUG] Processing header 2: "憟?鋆⊥??賡ㄞ??璅??????敹?" (Tag: strong)
[TOC DEBUG]   Adding anchor #toc-2 to "憟?鋆⊥??賡ㄞ??璅??????敹?"
[TOC DEBUG] Processing header 3: "?賡ㄞ????賢?鞎餌??? (Tag: strong)
[TOC DEBUG]   Adding anchor #toc-3 to "?賡ㄞ????賢?鞎餌???
[TOC DEBUG] Processing header 5: "???撱??啣?銝剖?摨??典鋆∴??獐?鳴?" (Tag: h2)
[TOC DEBUG]   Adding anchor #toc-5 to "???撱??啣?銝剖?摨??典鋆∴??獐?鳴?"
[TOC DEBUG] Processing header 6: "???撱? (Tag: strong)
[TOC DEBUG]   Adding anchor #toc-6 to "???撱?
[TOC DEBUG] Processing header 7: "???撱??啣?銝剖?摨?摨?啣?" (Tag: h2)
[TOC DEBUG]   Adding anchor #toc-7 to "???撱??啣?銝剖?摨?摨?啣?"
[TOC DEBUG] Processing header 8: "蝪∠??頂憸? (Tag: strong)
[TOC DEBUG]   Adding anchor #toc-8 to "蝪∠??頂憸?
[TOC DEBUG] Processing header 9: "???撱??啣?銝剖?摨???嫣?" (Tag: h2)
[TOC DEBUG]   Adding anchor #toc-9 to "???撱??啣?銝剖?摨???嫣?"
[TOC DEBUG] Processing header 10: "雿?銝鈭?$268嚗??10% ??鞎? (Tag: strong)
[TOC DEBUG]   Adding anchor #toc-10 to "雿?銝鈭?$268嚗??10% ??鞎?
[TOC DEBUG] Processing header 11: "?渲???抒?賡ㄞ?????嚗? (Tag: strong)
[TOC DEBUG]   Adding anchor #toc-11 to "?渲???抒?賡ㄞ?????嚗?
[TOC DEBUG] Processing header 12: "???撱??啣?銝剖?摨?擗?銵函" (Tag: h2)
[TOC DEBUG]   Adding anchor #toc-12 to "???撱??啣?銝剖?摨?擗?銵函"
[TOC DEBUG] Processing header 13: "?支?皞????嗡?撠??賢隞亙?鞎餌??? (Tag: strong)
[TOC DEBUG]   Adding anchor #toc-13 to "?支?皞????嗡?撠??賢隞亙?鞎餌???
[TOC DEBUG] Processing header 14: "???撱??啣?銝剖?摨?擗?敹?" (Tag: h2)
[TOC DEBUG]   Adding anchor #toc-14 to "???撱??啣?銝剖?摨?擗?敹?"
[2026/1/28 銝?2:42:11] ??撌脣遣蝡? 12227422954.md
[2026/1/28 銝?2:42:12] ?? ??: ??摨微AMORCOM??憟喲???蝳桃? | 銝狡璈頠?蝯?摮戊QQ/憟賣???撠?憟質麾S
??敺?JSON-LD ?????批捆 (?瑕漲: 53637)
[2026/1/28 銝?2:42:13] ??撌脣遣蝡? 12227417320.md
